// Jest Snapshot v1, https://goo.gl/fbAQLP

exports[`Test Routes 1`] = `<routes />`;
